2025-10-27 22:47:20,963 - INFO - Loaded checkpoint sucessfully
2025-10-27 22:47:22,102 - INFO - Processing image: 10cm_train_18.jpg size: 1024x1024
2025-10-27 22:47:26,078 - INFO - For numpy array image, we assume (HxWxC) format
2025-10-27 22:47:26,199 - INFO - Computing image embeddings for the provided image...
2025-10-27 22:47:26,288 - INFO - Image embeddings computed.
2025-10-27 22:51:14,521 - INFO - Saved YOLO overlay for 10cm_train_18 at runs\segment\generated\yolo\10cm_train_18.png
2025-10-27 22:51:20,032 - INFO - Saved SAM2+DeepForest overlay for 10cm_train_18 at runs\segment\generated\sam2_deepforest\10cm_train_18.png
2025-10-27 22:51:20,045 - INFO - Processing image: 10cm_train_20.jpg size: 1024x1024
2025-10-27 22:51:22,333 - INFO - For numpy array image, we assume (HxWxC) format
2025-10-27 22:51:22,371 - INFO - Computing image embeddings for the provided image...
2025-10-27 22:51:22,404 - INFO - Image embeddings computed.
2025-10-27 22:52:04,619 - INFO - Saved YOLO overlay for 10cm_train_20 at runs\segment\generated\yolo\10cm_train_20.png
2025-10-27 22:53:18,681 - INFO - Saved SAM2+DeepForest overlay for 10cm_train_20 at runs\segment\generated\sam2_deepforest\10cm_train_20.png
2025-10-27 22:53:18,689 - INFO - Processing image: 10cm_train_26.jpg size: 1024x1024
2025-10-27 22:53:21,063 - INFO - For numpy array image, we assume (HxWxC) format
2025-10-27 22:53:21,076 - INFO - Computing image embeddings for the provided image...
2025-10-27 22:53:21,105 - INFO - Image embeddings computed.
2025-10-27 22:54:13,412 - INFO - Saved YOLO overlay for 10cm_train_26 at runs\segment\generated\yolo\10cm_train_26.png
2025-10-27 22:54:40,703 - INFO - Saved SAM2+DeepForest overlay for 10cm_train_26 at runs\segment\generated\sam2_deepforest\10cm_train_26.png
2025-10-27 22:54:40,711 - INFO - Processing image: 10cm_train_27.jpg size: 1024x1024
2025-10-27 22:54:43,808 - INFO - For numpy array image, we assume (HxWxC) format
2025-10-27 22:54:43,824 - INFO - Computing image embeddings for the provided image...
2025-10-27 22:54:43,864 - INFO - Image embeddings computed.
2025-10-27 22:55:04,741 - INFO - Saved YOLO overlay for 10cm_train_27 at runs\segment\generated\yolo\10cm_train_27.png
2025-10-27 22:56:16,721 - INFO - Saved SAM2+DeepForest overlay for 10cm_train_27 at runs\segment\generated\sam2_deepforest\10cm_train_27.png
2025-10-27 22:56:16,739 - INFO - Processing image: 10cm_train_33.jpg size: 1024x1024
2025-10-27 22:56:19,085 - INFO - For numpy array image, we assume (HxWxC) format
2025-10-27 22:56:19,099 - INFO - Computing image embeddings for the provided image...
2025-10-27 22:56:19,133 - INFO - Image embeddings computed.
2025-10-27 22:56:32,411 - INFO - Saved YOLO overlay for 10cm_train_33 at runs\segment\generated\yolo\10cm_train_33.png
2025-10-27 22:56:43,657 - INFO - Saved SAM2+DeepForest overlay for 10cm_train_33 at runs\segment\generated\sam2_deepforest\10cm_train_33.png
2025-10-27 22:56:43,665 - INFO - Processing image: 10cm_train_36.jpg size: 1024x1024
2025-10-27 22:56:46,049 - INFO - For numpy array image, we assume (HxWxC) format
2025-10-27 22:56:46,062 - INFO - Computing image embeddings for the provided image...
2025-10-27 22:56:46,093 - INFO - Image embeddings computed.
2025-10-27 22:57:05,833 - INFO - Saved YOLO overlay for 10cm_train_36 at runs\segment\generated\yolo\10cm_train_36.png
2025-10-27 22:57:39,918 - INFO - Saved SAM2+DeepForest overlay for 10cm_train_36 at runs\segment\generated\sam2_deepforest\10cm_train_36.png
2025-10-27 22:57:39,927 - INFO - Processing image: 10cm_train_37.jpg size: 1024x1024
2025-10-27 22:57:42,121 - INFO - For numpy array image, we assume (HxWxC) format
2025-10-27 22:57:42,135 - INFO - Computing image embeddings for the provided image...
2025-10-27 22:57:42,171 - INFO - Image embeddings computed.
2025-10-27 22:57:44,682 - INFO - Saved YOLO overlay for 10cm_train_37 at runs\segment\generated\yolo\10cm_train_37.png
2025-10-27 22:57:45,865 - INFO - Saved SAM2+DeepForest overlay for 10cm_train_37 at runs\segment\generated\sam2_deepforest\10cm_train_37.png
2025-10-27 22:57:45,878 - INFO - Processing image: 10cm_train_4.jpg size: 1024x1024
2025-10-27 22:57:48,503 - INFO - For numpy array image, we assume (HxWxC) format
2025-10-27 22:57:48,525 - INFO - Computing image embeddings for the provided image...
2025-10-27 22:57:48,595 - INFO - Image embeddings computed.
2025-10-27 22:57:50,495 - INFO - Saved YOLO overlay for 10cm_train_4 at runs\segment\generated\yolo\10cm_train_4.png
2025-10-27 22:57:52,087 - INFO - Saved SAM2+DeepForest overlay for 10cm_train_4 at runs\segment\generated\sam2_deepforest\10cm_train_4.png
2025-10-27 22:57:52,097 - INFO - Processing image: 10cm_train_9.jpg size: 1024x1024
2025-10-27 22:57:54,339 - INFO - For numpy array image, we assume (HxWxC) format
2025-10-27 22:57:54,353 - INFO - Computing image embeddings for the provided image...
2025-10-27 22:57:54,390 - INFO - Image embeddings computed.
2025-10-27 22:58:06,915 - INFO - Saved YOLO overlay for 10cm_train_9 at runs\segment\generated\yolo\10cm_train_9.png
2025-10-27 22:58:22,837 - INFO - Saved SAM2+DeepForest overlay for 10cm_train_9 at runs\segment\generated\sam2_deepforest\10cm_train_9.png
2025-10-27 22:58:22,848 - INFO - Processing image: 20cm_train_46.jpg size: 1024x1024
2025-10-27 22:58:25,165 - INFO - For numpy array image, we assume (HxWxC) format
2025-10-27 22:58:25,180 - INFO - Computing image embeddings for the provided image...
2025-10-27 22:58:25,216 - INFO - Image embeddings computed.
2025-10-27 22:58:31,067 - INFO - Saved YOLO overlay for 20cm_train_46 at runs\segment\generated\yolo\20cm_train_46.png
2025-10-27 22:59:03,454 - INFO - Saved SAM2+DeepForest overlay for 20cm_train_46 at runs\segment\generated\sam2_deepforest\20cm_train_46.png
2025-10-27 22:59:03,465 - INFO - Processing image: 20cm_train_56.jpg size: 1024x1024
2025-10-27 22:59:05,867 - INFO - For numpy array image, we assume (HxWxC) format
2025-10-27 22:59:05,881 - INFO - Computing image embeddings for the provided image...
2025-10-27 22:59:05,909 - INFO - Image embeddings computed.
2025-10-27 22:59:11,874 - INFO - Saved YOLO overlay for 20cm_train_56 at runs\segment\generated\yolo\20cm_train_56.png
2025-10-27 22:59:44,192 - INFO - Saved SAM2+DeepForest overlay for 20cm_train_56 at runs\segment\generated\sam2_deepforest\20cm_train_56.png
2025-10-27 22:59:44,205 - INFO - Processing image: 20cm_train_57.jpg size: 1024x1024
2025-10-27 22:59:46,667 - INFO - For numpy array image, we assume (HxWxC) format
2025-10-27 22:59:46,681 - INFO - Computing image embeddings for the provided image...
2025-10-27 22:59:46,711 - INFO - Image embeddings computed.
2025-10-27 22:59:58,409 - INFO - Saved YOLO overlay for 20cm_train_57 at runs\segment\generated\yolo\20cm_train_57.png
2025-10-27 23:00:36,173 - INFO - Saved SAM2+DeepForest overlay for 20cm_train_57 at runs\segment\generated\sam2_deepforest\20cm_train_57.png
2025-10-27 23:00:36,185 - INFO - Processing image: 20cm_train_65.jpg size: 1024x1024
2025-10-27 23:00:38,473 - INFO - For numpy array image, we assume (HxWxC) format
2025-10-27 23:00:38,487 - INFO - Computing image embeddings for the provided image...
2025-10-27 23:00:38,519 - INFO - Image embeddings computed.
2025-10-27 23:00:41,622 - INFO - Saved YOLO overlay for 20cm_train_65 at runs\segment\generated\yolo\20cm_train_65.png
2025-10-27 23:01:09,633 - INFO - Saved SAM2+DeepForest overlay for 20cm_train_65 at runs\segment\generated\sam2_deepforest\20cm_train_65.png
2025-10-27 23:01:09,645 - INFO - Processing image: 20cm_train_69.jpg size: 1024x1024
2025-10-27 23:01:12,545 - INFO - For numpy array image, we assume (HxWxC) format
2025-10-27 23:01:12,569 - INFO - Computing image embeddings for the provided image...
2025-10-27 23:01:12,628 - INFO - Image embeddings computed.
2025-10-27 23:01:15,217 - INFO - Saved YOLO overlay for 20cm_train_69 at runs\segment\generated\yolo\20cm_train_69.png
2025-10-27 23:01:27,901 - INFO - Saved SAM2+DeepForest overlay for 20cm_train_69 at runs\segment\generated\sam2_deepforest\20cm_train_69.png
2025-10-27 23:01:27,912 - INFO - Processing image: 20cm_train_70.jpg size: 1024x1024
2025-10-27 23:01:31,382 - INFO - For numpy array image, we assume (HxWxC) format
2025-10-27 23:01:31,404 - INFO - Computing image embeddings for the provided image...
2025-10-27 23:01:31,449 - INFO - Image embeddings computed.
2025-10-27 23:01:34,522 - INFO - Saved YOLO overlay for 20cm_train_70 at runs\segment\generated\yolo\20cm_train_70.png
2025-10-27 23:02:24,060 - INFO - Saved SAM2+DeepForest overlay for 20cm_train_70 at runs\segment\generated\sam2_deepforest\20cm_train_70.png
2025-10-27 23:02:24,070 - INFO - Processing image: 20cm_train_74.jpg size: 1024x1024
2025-10-27 23:02:26,338 - INFO - For numpy array image, we assume (HxWxC) format
2025-10-27 23:02:26,352 - INFO - Computing image embeddings for the provided image...
2025-10-27 23:02:26,389 - INFO - Image embeddings computed.
2025-10-27 23:02:40,303 - INFO - Saved YOLO overlay for 20cm_train_74 at runs\segment\generated\yolo\20cm_train_74.png
2025-10-27 23:02:48,393 - INFO - Saved SAM2+DeepForest overlay for 20cm_train_74 at runs\segment\generated\sam2_deepforest\20cm_train_74.png
2025-10-27 23:02:48,403 - INFO - Processing image: 40cm_train_76.jpg size: 1024x1024
2025-10-27 23:02:50,615 - INFO - For numpy array image, we assume (HxWxC) format
2025-10-27 23:02:50,630 - INFO - Computing image embeddings for the provided image...
2025-10-27 23:02:50,665 - INFO - Image embeddings computed.
2025-10-27 23:03:03,052 - INFO - Saved YOLO overlay for 40cm_train_76 at runs\segment\generated\yolo\40cm_train_76.png
2025-10-27 23:03:05,994 - INFO - Saved SAM2+DeepForest overlay for 40cm_train_76 at runs\segment\generated\sam2_deepforest\40cm_train_76.png
2025-10-27 23:03:06,002 - INFO - Processing image: 40cm_train_78.jpg size: 1024x1024
2025-10-27 23:03:08,118 - INFO - For numpy array image, we assume (HxWxC) format
2025-10-27 23:03:08,133 - INFO - Computing image embeddings for the provided image...
2025-10-27 23:03:08,168 - INFO - Image embeddings computed.
2025-10-27 23:03:11,445 - INFO - Saved YOLO overlay for 40cm_train_78 at runs\segment\generated\yolo\40cm_train_78.png
2025-10-27 23:03:18,067 - INFO - Saved SAM2+DeepForest overlay for 40cm_train_78 at runs\segment\generated\sam2_deepforest\40cm_train_78.png
2025-10-27 23:03:18,077 - INFO - Processing image: 40cm_train_82.jpg size: 1024x1024
2025-10-27 23:03:20,446 - INFO - For numpy array image, we assume (HxWxC) format
2025-10-27 23:03:20,461 - INFO - Computing image embeddings for the provided image...
2025-10-27 23:03:20,491 - INFO - Image embeddings computed.
2025-10-27 23:04:26,393 - INFO - Saved YOLO overlay for 40cm_train_82 at runs\segment\generated\yolo\40cm_train_82.png
2025-10-27 23:04:37,726 - INFO - Saved SAM2+DeepForest overlay for 40cm_train_82 at runs\segment\generated\sam2_deepforest\40cm_train_82.png
2025-10-27 23:04:37,735 - INFO - Processing image: 60cm_train_105.jpg size: 1024x1024
2025-10-27 23:04:39,913 - INFO - For numpy array image, we assume (HxWxC) format
2025-10-27 23:04:39,928 - INFO - Computing image embeddings for the provided image...
2025-10-27 23:04:39,960 - INFO - Image embeddings computed.
2025-10-27 23:04:50,904 - INFO - Saved YOLO overlay for 60cm_train_105 at runs\segment\generated\yolo\60cm_train_105.png
2025-10-27 23:08:17,974 - INFO - Saved SAM2+DeepForest overlay for 60cm_train_105 at runs\segment\generated\sam2_deepforest\60cm_train_105.png
2025-10-27 23:08:17,983 - INFO - Processing image: 60cm_train_109.jpg size: 1024x1024
2025-10-27 23:08:19,849 - INFO - For numpy array image, we assume (HxWxC) format
2025-10-27 23:08:19,867 - INFO - Computing image embeddings for the provided image...
2025-10-27 23:08:19,909 - INFO - Image embeddings computed.
2025-10-27 23:08:21,587 - INFO - Saved YOLO overlay for 60cm_train_109 at runs\segment\generated\yolo\60cm_train_109.png
2025-10-27 23:08:25,443 - INFO - Saved SAM2+DeepForest overlay for 60cm_train_109 at runs\segment\generated\sam2_deepforest\60cm_train_109.png
2025-10-27 23:08:25,457 - INFO - Processing image: 60cm_train_111.jpg size: 1024x1024
2025-10-27 23:08:27,861 - INFO - For numpy array image, we assume (HxWxC) format
2025-10-27 23:08:27,891 - INFO - Computing image embeddings for the provided image...
2025-10-27 23:08:27,972 - INFO - Image embeddings computed.
2025-10-27 23:10:26,229 - INFO - Saved YOLO overlay for 60cm_train_111 at runs\segment\generated\yolo\60cm_train_111.png
2025-10-27 23:10:45,645 - INFO - Saved SAM2+DeepForest overlay for 60cm_train_111 at runs\segment\generated\sam2_deepforest\60cm_train_111.png
2025-10-27 23:10:45,665 - INFO - Processing image: 60cm_train_119.jpg size: 1024x1024
2025-10-27 23:10:47,872 - INFO - For numpy array image, we assume (HxWxC) format
2025-10-27 23:10:47,886 - INFO - Computing image embeddings for the provided image...
2025-10-27 23:10:47,919 - INFO - Image embeddings computed.
2025-10-27 23:11:35,937 - INFO - Saved YOLO overlay for 60cm_train_119 at runs\segment\generated\yolo\60cm_train_119.png
2025-10-27 23:19:16,005 - INFO - Saved SAM2+DeepForest overlay for 60cm_train_119 at runs\segment\generated\sam2_deepforest\60cm_train_119.png
2025-10-27 23:19:16,023 - INFO - Processing image: 80cm_train_128.jpg size: 1024x1024
2025-10-27 23:19:18,417 - INFO - For numpy array image, we assume (HxWxC) format
2025-10-27 23:19:18,433 - INFO - Computing image embeddings for the provided image...
2025-10-27 23:19:18,469 - INFO - Image embeddings computed.
2025-10-27 23:19:25,607 - INFO - Saved YOLO overlay for 80cm_train_128 at runs\segment\generated\yolo\80cm_train_128.png
2025-10-27 23:19:30,365 - INFO - Saved SAM2+DeepForest overlay for 80cm_train_128 at runs\segment\generated\sam2_deepforest\80cm_train_128.png
2025-10-27 23:19:30,373 - INFO - Processing image: 80cm_train_129.jpg size: 1024x1024
2025-10-27 23:19:32,540 - WARNING - DeepForest failed on data\yolo_dataset\images\val\80cm_train_129.jpg: 'NoneType' object has no attribute 'empty'
2025-10-27 23:20:38,479 - INFO - Saved YOLO overlay for 80cm_train_129 at runs\segment\generated\yolo\80cm_train_129.png
2025-10-27 23:20:38,648 - INFO - Saved SAM2+DeepForest overlay for 80cm_train_129 at runs\segment\generated\sam2_deepforest\80cm_train_129.png
2025-10-27 23:20:38,664 - INFO - Processing image: 80cm_train_132.jpg size: 1024x1024
2025-10-27 23:20:40,736 - INFO - For numpy array image, we assume (HxWxC) format
2025-10-27 23:20:40,750 - INFO - Computing image embeddings for the provided image...
2025-10-27 23:20:40,784 - INFO - Image embeddings computed.
2025-10-27 23:20:49,971 - INFO - Saved YOLO overlay for 80cm_train_132 at runs\segment\generated\yolo\80cm_train_132.png
2025-10-27 23:21:08,094 - INFO - Saved SAM2+DeepForest overlay for 80cm_train_132 at runs\segment\generated\sam2_deepforest\80cm_train_132.png
2025-10-27 23:21:08,110 - INFO - Processing image: 80cm_train_133.jpg size: 1024x1024
2025-10-27 23:21:10,189 - INFO - For numpy array image, we assume (HxWxC) format
2025-10-27 23:21:10,203 - INFO - Computing image embeddings for the provided image...
2025-10-27 23:21:10,231 - INFO - Image embeddings computed.
2025-10-27 23:21:27,140 - INFO - Saved YOLO overlay for 80cm_train_133 at runs\segment\generated\yolo\80cm_train_133.png
2025-10-27 23:21:44,018 - INFO - Saved SAM2+DeepForest overlay for 80cm_train_133 at runs\segment\generated\sam2_deepforest\80cm_train_133.png
2025-10-27 23:21:44,026 - INFO - Processing image: 80cm_train_142.jpg size: 1024x1024
2025-10-27 23:21:46,081 - INFO - For numpy array image, we assume (HxWxC) format
2025-10-27 23:21:46,096 - INFO - Computing image embeddings for the provided image...
2025-10-27 23:21:46,129 - INFO - Image embeddings computed.
2025-10-27 23:21:56,977 - INFO - Saved YOLO overlay for 80cm_train_142 at runs\segment\generated\yolo\80cm_train_142.png
2025-10-27 23:21:58,457 - INFO - Saved SAM2+DeepForest overlay for 80cm_train_142 at runs\segment\generated\sam2_deepforest\80cm_train_142.png
2025-10-27 23:21:58,466 - INFO - Processing image: 80cm_train_144.jpg size: 1024x1024
2025-10-27 23:22:00,586 - WARNING - DeepForest failed on data\yolo_dataset\images\val\80cm_train_144.jpg: 'NoneType' object has no attribute 'empty'
2025-10-27 23:22:25,228 - INFO - Saved YOLO overlay for 80cm_train_144 at runs\segment\generated\yolo\80cm_train_144.png
2025-10-27 23:22:25,394 - INFO - Saved SAM2+DeepForest overlay for 80cm_train_144 at runs\segment\generated\sam2_deepforest\80cm_train_144.png
2025-10-27 23:22:25,403 - INFO - Processing image: 80cm_train_146.jpg size: 1024x1024
2025-10-27 23:22:27,472 - INFO - For numpy array image, we assume (HxWxC) format
2025-10-27 23:22:27,487 - INFO - Computing image embeddings for the provided image...
2025-10-27 23:22:27,516 - INFO - Image embeddings computed.
2025-10-27 23:23:05,371 - INFO - Saved YOLO overlay for 80cm_train_146 at runs\segment\generated\yolo\80cm_train_146.png
2025-10-27 23:23:09,149 - INFO - Saved SAM2+DeepForest overlay for 80cm_train_146 at runs\segment\generated\sam2_deepforest\80cm_train_146.png
2025-10-27 23:23:09,151 - INFO - Saved evaluation summary to runs\segment\generated\yolo\evaluation_summary_yolo.json
2025-10-27 23:23:09,152 - INFO - Saved evaluation summary to runs\segment\generated\sam2_deepforest\evaluation_summary_sam2_deepforest.json
2025-10-27 23:23:09,152 - INFO - Inference completed. See runs/segment/generated/ for outputs.
